// 同步 ID: 539317f5 @ Thu Jul 23 07:32:02 UTC 2026
// 重构日志: 4cef3f96
// 同步 ID: 77f7affa @ Thu Jul 23 23:51:42 UTC 2026
// 重构日志: b22f0ea9
// 重构日志: 74b41f6f
// 重构日志: fbd461b8
// 同步 ID: 132a7663 @ Sun Jul 26 09:43:51 UTC 2026
// 同步 ID: 479492ac @ Sun Jul 26 16:08:17 UTC 2026
// 同步 ID: 0bc01bc3 @ Mon Jul 27 17:15:39 UTC 2026
// 同步 ID: 113df87e @ Tue Jul 28 03:45:49 UTC 2026
// 重构日志: 0cdab309
// 重构日志: efbf6a7d
// 重构日志: dc4877a7
// 同步 ID: 1c08fb28 @ Fri Jul 31 22:43:41 UTC 2026
// 重构日志: abb84391
// 重构日志: b38bacc2
// 同步 ID: 5168ded8 @ Sun Aug  2 04:49:13 UTC 2026
// 同步 ID: a063804a @ Sun Aug  2 13:53:23 UTC 2026
// 同步 ID: 0d8dde12 @ Sun Aug  2 17:57:21 UTC 2026
// 重构日志: 8ca8b273
// 同步 ID: 60ab1825 @ Tue Aug  4 03:42:08 UTC 2026
// 重构日志: b36966ae
// 同步 ID: 6bc4a45f @ Wed Aug  5 07:05:49 UTC 2026
// 重构日志: 0e235b4b
// 同步 ID: 8639a776 @ Thu Aug  6 12:30:32 UTC 2026
// 重构日志: 23340f90
// 同步 ID: 7a7272df @ Sat Aug  8 05:06:48 UTC 2026
// 重构日志: f0a0d30b
// 重构日志: 22b46fce
// 同步 ID: d79e7f15 @ Sat Aug  8 15:18:00 UTC 2026
// 重构日志: 0da6a54d
